main.c:178:6:pintoggle	24	static
main.c:236:6:Hardware_Watchdog_Refresh	8	static
main.c:243:6:TestPins	8	static
main.c:292:6:TestBusses	120	static
main.c:327:6:PWM_STARTERS_T2_3_VariablePWM	40	static
main.c:370:6:Crescendo_PWM_BATTERY	48	static
main.c:409:6:Diminuendo_PWM_BATTERY	48	static
main.c:454:5:main	8	static
main.c:560:6:SystemClock_Config	88	static
main.c:604:13:MX_ADC1_Init	24	static
main.c:654:13:MX_I2C1_Init	8	static
main.c:688:13:MX_I2C2_Init	8	static
main.c:722:13:MX_SPI1_Init	8	static
main.c:760:13:MX_SPI2_Init	8	static
main.c:798:13:MX_SPI3_Init	8	static
main.c:836:13:MX_TIM2_Init	64	static
main.c:905:13:MX_TIM3_Init	48	static
main.c:954:13:MX_USART1_UART_Init	8	static
main.c:987:13:MX_USART2_UART_Init	8	static
main.c:1020:13:MX_USART3_UART_Init	8	static
main.c:1053:13:MX_USART6_UART_Init	8	static
main.c:1086:13:MX_USB_OTG_FS_PCD_Init	8	static
main.c:1121:13:MX_GPIO_Init	56	static
main.c:1232:6:StartDefaultTask	16	static
main.c:1255:6:Task01	16	static
main.c:1273:6:Task02	16	static
main.c:1292:6:Task03	16	static
main.c:1310:6:Task04	16	static
main.c:1328:6:Task05	16	static
main.c:1346:6:Task06	16	static
main.c:1365:6:HAL_TIM_PeriodElapsedCallback	16	static
main.c:1382:6:Error_Handler	4	static
