main.c:72:6:Hardware_Watchdog_Refresh	8	static
main.c:219:6:FEES_print	16	static
main.c:243:6:FEES_scan	16	static
main.c:263:1:__io_getchar	16	static
main.c:273:5:Serial_Scanf	24	static
main.c:299:5:main	8	static
main.c:405:6:SystemClock_Config	88	static
main.c:449:13:MX_ADC1_Init	24	static
main.c:499:13:MX_I2C1_Init	8	static
main.c:533:13:MX_I2C2_Init	8	static
main.c:567:13:MX_SPI1_Init	8	static
main.c:605:13:MX_SPI2_Init	8	static
main.c:643:13:MX_SPI3_Init	8	static
main.c:681:13:MX_TIM2_Init	64	static
main.c:750:13:MX_TIM3_Init	48	static
main.c:799:13:MX_USART1_UART_Init	8	static
main.c:832:13:MX_USART2_UART_Init	8	static
main.c:865:13:MX_USART3_UART_Init	8	static
main.c:898:13:MX_USART6_UART_Init	8	static
main.c:931:13:MX_USB_OTG_FS_PCD_Init	8	static
main.c:966:13:MX_GPIO_Init	56	static
main.c:1077:6:StartDefaultTask	16	static
main.c:1100:6:Task01	24	static
main.c:1155:6:Task02	16	static
main.c:1174:6:Task03	16	static
main.c:1192:6:Task04	16	static
main.c:1210:6:Task05	16	static
main.c:1228:6:Task06	16	static
main.c:1247:6:HAL_TIM_PeriodElapsedCallback	16	static
main.c:1264:6:Error_Handler	4	static
