main.c:82:6:pintoggle	24	static
main.c:146:5:main	120	static
main.c:338:6:SystemClock_Config	88	static
main.c:382:13:MX_ADC1_Init	24	static
main.c:432:13:MX_I2C1_Init	8	static
main.c:466:13:MX_I2C2_Init	8	static
main.c:500:13:MX_SPI1_Init	8	static
main.c:538:13:MX_SPI2_Init	8	static
main.c:576:13:MX_SPI3_Init	8	static
main.c:614:13:MX_USART1_UART_Init	8	static
main.c:647:13:MX_USART2_UART_Init	8	static
main.c:680:13:MX_USART3_UART_Init	8	static
main.c:713:13:MX_USART6_UART_Init	8	static
main.c:746:13:MX_GPIO_Init	56	static
main.c:870:6:Error_Handler	4	static
